
// ==========================================================================
//  GPPG error listing for yacc source file <oberon00.y>
// ==========================================================================
//  Version:  1.3.6
//  Machine:  SSM
//  DateTime: 13.03.2013 16:49:30
//  UserName: Станислав
// ==========================================================================


%{
// Ýòè îáúÿâëåíèÿ äîáàâëÿþòñÿ â êëàññ GPPGParser, ïðåäñòàâëÿþùèé ñîáîé ïàðñåð, ãåíåðèðóåìûé ñèñòåìîé gppg
    public syntax_tree_node root; // Êîðíåâîé óçåë ñèíòàêñè÷åñêîãî äåðåâà 
    public GPPGParser(AbstractScanner<ValueType, LexLocation> scanner) : base(scanner) { }
%}

%output=oberon00yacc.cs 

%parsertype GPPGParser

%union  
	{ 
		public bool bVal;  
		public string sVal; 
		public int iVal; 
		public long lVal;								// Äëèííîå öåëîå
		public char cVal;
		public double rVal;
		public pascal_set_constant sc;					// Êîíñòàíòà - ìíîæåñòâî
		public named_type_reference ntr;				// Èìåíîâàííîå îïðåäåëåíèå òèïà
		public type_definition tdef;					// Ñàì òèï		
		public diapason dpsn;							// Òèï äèàïàçîí
		public array_type arrt;							// Òèï ìàññèâ
		public class_definition cldef;					// Îïðåäåëåíèå çàïèñè
		public indexers_types indts;					// Òèï òèïû èíäåêñîâ ìàññèâà
		public ref_type rft;							// Òèï óêàçàòåëü
		public ident_list il;							// Ñïèñîê èäåíòèôèêàòîðîâ
		public ident id;								// Èäåíòèôèêàòîð
		public oberon_ident_with_export_marker obrid;	// Îáåðîíîâñêèé óòî÷íåííûé èäåíòèôèêàòîð
		public oberon_export_marker obrem;				// Îáåðîíîâñêàÿ ýêñïîðòíàÿ ìåòêà
		public var_def_statement vds;					// Îïèñàíèå ïåðåìåííûõ
		public variable_definitions vdss;				// Ñåêöèÿ îïèñàíèÿ ïåðåìåííûõ
		public type_declarations td;					// Ñåêöèÿ îïðåäåëåíèÿ òèïîâ
		public type_declaration tdec;					// Îïèñàíèå òèïà
		public expression ex;							// Âûðàæåíèå
		public expression_list el;						// Ñïèñîê âûðàæåíèé
		public Operators ops;							// Îïåðàòîðû (îïåðàöèè)
		public block bl;								// Ïðîãðàììíûé áëîê
		public statement st;							// Îïåðàòîð ïðîãðàììíûé
		public statement_list sl;						// Ñïèñîê îïåðàòîðîâ
		public case_variants cvars;						// Ñïèñîê âàðèàíòîâ îïåðàòîðà CASE
		public case_variant cvar;							// Âàðèàíò îïåðàòîðà CASE
		public declaration decsec;						// Îïèñàíèå
		public declarations decl;						// Ñïèñîê îïèñàíèé
		public simple_const_definition scd;				// Îïðåäåëåíèå êîíñòàíòû
		public consts_definitions_list cdl;				// Ñïèñîê îïèñàíèé êîíñòàíò		
		public procedure_definition pd;					// Îïèñàíèå ïðîöåäóðû
		public dot_node dn;								// Óçåë â òî÷å÷íîé íîòàöèè
		public addressed_value adrv;					// Àäðåñîâàííîå çíà÷åíèå		
	}

%using PascalABCCompiler.SyntaxTree
%using PascalABCCompiler.Errors
%using PascalABCCompiler.Oberon00Parser

%namespace GPPGParserScanner

%start module											// Ñòàðòîâûé ñèìâîë - ïðîãðàììíûé ìîäóëü

%token <sVal> ID STRING_CONST
%token <iVal> INTNUM 
%token <rVal> REALNUM
%token <lVal> LONGINTNUM
%token <bVal> TRUE FALSE
%token <cVal> CHAR_CONST
%token <op> PLUS MINUS MULT DIVIDE AND OR LT GT LE GE EQ NE DIV MOD
%token NOT 
%token ASSIGN SEMICOLUMN LPAREN RPAREN COLUMN COMMA COLON EXCLAMATION 
%token LBRACE RBRACE DOUBLEPOINT LBRACKET RBRACKET PIPE
%token TRUE FALSE
%token IF THEN ELSE ELSEIF BEGIN END WHILE DO MODULE CONST VAR TYPE
%token INVISIBLE
%token PROCEDURE ARRAY OF RECORD REPEAT UNTIL FOR TO BY CASE POINTER
%token ODD

%type <id> ident specifiedIdent identDef
%type <obrid> identDef
%type <obrem> ExportLabel
%type <il> IDList
%type <ntr> complexTypeIdent
%type <sc> SetConstant SetElemList 
%type <ex> expr ConstExpr SetElem  SimpleExpr ForStep CaseVariantLabels
%type <ex> term signedTerm factor AddList FactorList 
%type <st> Assignment IfStatement ElseIfStatements ElseStatements WhileStatement WriteStatement
%type <st> RepeatStatement Statement ForStatement  CaseStatement ElseBranch
%type <st> EmptyStatement ProcCallStatement
%type <sl> StatementSequence
%type <cvars> CaseVariantList
%type <cvar> CaseVariant
%type <decl> Declarations
%type <decsec> DeclarationsSect
%type <vds> VarDecl
%type <vdss> VarDeclarations VarDeclarationsSect
%type <scd> ConstDecl
%type <cdl> ConstDeclarations ConstDeclarationsSect
%type <td> TypeDeclarationsSect TypeDeclarations
%type <tdec> TypeDecl
%type <tdef> TypeDef ArrayType
%type <rft> PointerType
%type <cldef> RecordType
%type <pd> ProcedureDeclarationSect
%type <bl> mainblock
%type <el> factparams ExprList CaseVariantLabelList
%type <dpsn> Length
%type <indts> LengthList
%type <ops> AddOperator MultOperator Relation
%type <adrv> specifiedIdent ComplexDesignator Designator
%type <bVal> maybevar

%left LT GT LE GE EQ NE
%left PLUS MINUS OR
%left MULT DIVIDE AND 
%left NOT
%left UMINUS UPLUS

%%
// Warning: NonTerminal symbol "EmptyStatement" is unreachable
// -----------------------------------------------------------

module  			// Ïðîãðàììíûé ìîäóëü
	: MODULE ident SEMICOLUMN mainblock ident COMMA 
    {
		if ($2.name != $5.name)
			PT.AddError("Èìÿ " + $5.name + " äîëæíî ñîâïàäàòü ñ èìåíåì ìîäóëÿ " + $2.name, @5);
		
		// Ïîäêëþ÷åíèå ñòàíäàðòíîãî ìîäóëÿ Oberon00System, íàïèñàííîãî íà PascalABC.NET
		var ul = new uses_list("Oberon00System");
		
		// Ôîðìèðîâàíèå ìîäóëÿ îñíîâíîé ïðîãðàììû (èñïîëüçóåòñÿ ôàáðè÷íûé ìåòîä âìåñòî êîíñòðóêòîðà)
		root = program_module.create($2, ul, $4, @$);
    }
	| INVISIBLE expr { // Äëÿ Intellisense
		root = $2;
	}
    ;
	
ident 				// Èäåíòèôèêàòîð
	: ID {
		$$ = new ident($1,@$); 
	}
	;
	
specifiedIdent		// Óòî÷íåííûé èäåíòèôèêàòîð
	: ident COMMA ident {
		$$ = new dot_node($1, $3, @$);
	}
	| ident {
		$$ = $1;
	}
	;
	
identDef			// Îïðåäåëåííûé èäåíòèôèêàòîð (âîçìîæíà ýêñïîðòíàÿ ìåòêà) TODO
	: ident ExportLabel {
		$$ = new oberon_ident_with_export_marker($1.name, $2, @$);
	}
	;
	
ExportLabel			// Ýêñïîðòíàÿ ìåòêà TODO
	: MULT {
		$$ = oberon_export_marker.export;
	}
	| MINUS {
		$$ = oberon_export_marker.export_readonly;
	}
	| {
		//$$ = oberon_export_marker.nonexport;
		$$ = oberon_export_marker.export;
	}
	;
	
mainblock			// Ïðîãðàììíûé áëîê
	: Declarations BEGIN StatementSequence END
	{
		$$ = new block($1, $3, @$);
	}
	;
	
SetConstant			// Âûðàæåíèå-êîíñòàíòà ìíîæåñòâî TODO
	: LBRACE SetElemList RBRACE {
		$$ = $2;
		$$.source_context = @$;
	}
	;
	
SetElemList			// Ñïèñîê ýëåìåíòîâ ìíîæåñòâà TODO
	: SetElem {
		$$ = new pascal_set_constant();
		$$.Add($1);
		$$.source_context = @$;
		
	}
	| SetElemList COLUMN SetElem {
		$$ = $1;
		$$.Add($3);
		$$.source_context = @$;
	}
	| {
		$$ = new pascal_set_constant();
	}
	;

SetElem				// Ýëåìåíò ìíîæåñòâà TODO
	: expr
	| expr DOUBLEPOINT expr {
		$$ = new diapason_expr($1, $3, @$);
	}
	;

expr 				// Âûðàæåíèå
	: SimpleExpr {
		$$ = $1;
	}
	| SimpleExpr Relation SimpleExpr {
		$$ = new bin_expr($1, $3, $2, @$);
	}
	;
	
Relation			// Îòíîøåíèå
	: EQ {
		$$ = Operators.Equal;
	}
	| NE {
		$$ = Operators.NotEqual;
	}
	| LT {
		$$ = Operators.Less;
	}
	| LE {
		$$ = Operators.LessEqual;
	}
	| GT {
		$$ = Operators.Greater;
	}
	| GE {
		$$ = Operators.GreaterEqual;
	}
	;

SimpleExpr			// Ïðîñòîå âûðàæåíèå
	: signedTerm {
		$$ = $1;
		$$.source_context = @$;
	}
	| signedTerm AddOperator AddList {
		$$ = new bin_expr($1, $3, $2, @$);
	}
	;
	
signedTerm			// Ñëàãàåìîå ñî çíàêîì 
	: term 
	| MINUS term %prec UMINUS {
		$$ = new un_expr($2, Operators.Minus, @$);
	}
	| PLUS term %prec UPLUS {
		$$ = new un_expr($2, Operators.Plus, @$);
	}
	;
	
AddList				// Ñïèñîê ñî ñëàãàåìûìè
	: term 
	| AddList AddOperator term {
		$$ = new bin_expr($1, $3, $2, @$);
	}
	;
	
term				// Ñëàãàåìîå
	: factor 	
	| factor MultOperator FactorList {
		$$ = new bin_expr($1, $3, $2, @$);
	}
	;
	
FactorList			// Ñïèñîê ñî ìíîæèòåëÿìè 
	: factor 
	| FactorList MultOperator factor {
		$$ = new bin_expr($1, $3, $2, @$);
	}
	;
	
factor				// Ìíîæèòåëü 
	: Designator {
		$$ = $1;
	}
	| INTNUM { 
		$$ = new int32_const($1,@$); 		
	}
	| LONGINTNUM{
		$$ = new int64_const($1, @$); 		
	}
	| REALNUM {
		$$ = new double_const($1, @$);
	}
	| TRUE {
		$$ = new bool_const(true,@$);
	}
	| FALSE {
		$$ = new bool_const(false,@$);
	}
	| CHAR_CONST {
		$$ = new char_const($1, @$);
	}
	| STRING_CONST {
		$$ = new string_const($1, @$);
	}
	| LPAREN expr RPAREN { 
		$$ = $2;
	}
	| NOT factor {
		$$ = new un_expr($2,Operators.LogicalNOT,@$);
	}	
	| SetConstant
	;
	
Designator					// Îáîçíà÷åíèå (îáðàùåíèå ó ýëåìåòó ìàññèâà, ...) TODO
	: specifiedIdent {
		$$ = $1;
	}
	| ComplexDesignator {
		$$ = $1;
	}
	;
	
ComplexDesignator			// Ñîñòàâíîå îáîçíà÷åíèå TODO
	: specifiedIdent COMMA ident {
		$$ = new dot_node($1, $3, @$);
	}
	| specifiedIdent LBRACKET ExprList RBRACKET {
		indexer indxr = new indexer();
		indxr.dereferencing_value = $1;
		indxr.indexes = $3;
		$$ = indxr;
		$$.source_context = @$;
	}
	| ComplexDesignator COMMA ident {
		$$ = new dot_node($1, $3, @$);
	}
	| ComplexDesignator LBRACKET ExprList RBRACKET {
		indexer indxr = new indexer();
		indxr.dereferencing_value = $1;
		indxr.indexes = $3;
		$$ = indxr;
		$$.source_context = @$;
	}
	;
	
ExprList					// Ñïèñîê âûðàæåíèé
	: expr {
		$$ = new expression_list($1, @$);
	}
	| ExprList COLUMN expr {
		$$ = $1;
		$$.Add($3, @3);
		$$.source_context = @$;
	}
	;
	
AddOperator  		// Îïåðàöèÿ ñëîæåíèÿ
	: MINUS {
		$$ = Operators.Minus;
	}
	| PLUS {
		$$ = Operators.Plus;
	}
	| OR {
		$$ = Operators.LogicalOR;
	}
	;
	
MultOperator  		// Îïåðàöèÿ óìíîæåíèÿ 
	: MULT {
		$$ = Operators.Multiplication;
	}
	| DIVIDE {
		$$ = Operators.Division;
	}
	| DIV {
		$$ = Operators.IntegerDivision;
	}
	| MOD {
		$$ = Operators.ModulusRemainder;
	}
	| AND {
		$$ = Operators.LogicalAND;
	}
	;
	
Statement 					// Îïåðàòîð TODO
	: Assignment
	| IfStatement
	| WhileStatement
	| RepeatStatement
	| ForStatement
	| CaseStatement
	| WriteStatement
	| ProcCallStatement
	;

StatementSequence 			// Ïîñëåäîâàòåëüíîñòü (áëîê) îïåðàòîðîâ
	: Statement {
		$$ = new statement_list($1,@$);
	}
	| StatementSequence SEMICOLUMN Statement {
		$1.Add($3,@$);
		$$ = $1;
	}
	;

Assignment 					// Ïðèñâàèâàíèå
	: Designator ASSIGN expr {
		$$ = new assign($1, $3, Operators.Assignment, @$);
	}
	;

IfStatement 				// Óñëîâíûé îïåðàòîð
	: IF expr THEN StatementSequence ElseStatements END {
		$$ = new if_node($2, $4, $5, @$);
	}
	| IF expr THEN StatementSequence ElseIfStatements END{
		$$ = new if_node($2, $4, $5, @$);
	}
	;

ElseStatements				// Else-÷àñòü óñëîâíîãî îïåðàòîðà 
	: ELSE StatementSequence {
		$$ = $2;
		$$.source_context = @$;
	} 
	| {
		$$ = null;
	}
	;
	
ElseIfStatements			// ElseIf-÷àñòü óñëîâíîãî îïåðàòîðà
	: ELSEIF expr THEN StatementSequence ElseStatements {
		$$ = new if_node($2, $4, $5, @$);
	}
	| ELSEIF expr THEN StatementSequence ElseIfStatements{
		$$ = new if_node($2, $4, $5, @$);
	}
	;

WhileStatement 				// Öèêë ñ ïðåäóñëîâèåì 
	: WHILE expr DO StatementSequence END {
		$$ = new while_node($2, $4, WhileCycleType.While, @$);
	}
	;
	
RepeatStatement				// Öèêë ñ ïîñòóñëîâèåì 
	: REPEAT StatementSequence UNTIL expr {
		$$ = new repeat_node($2, $4, @$);
	}
	;
	
ForStatement				// Öèêë
	: FOR ident ASSIGN expr TO expr ForStep DO StatementSequence END {
		expression step;
		if ($7 != null) 	step = $7;
		else 				step = new int32_const(1, @7);
		// Áóäåì ìîäåëèðîâàòü öèêë ÷åðåç while
		statement_list forStmnt = GetForThroughWhile($2, $4, $6, $9, step, @3, @$);
		$$ = forStmnt;
		$$.source_context = @$;
	}
	;
	
ForStep						// Øàã öèêëà
	: BY ConstExpr {
		int32_const step32 = $2 as int32_const;
		if (step32 != null) {	// øàã ÿâëÿåòñÿ ïðîñòî öåëûì ÷èñëîì (áåç çíàêà)
			if (step32.val == 0)	PT.AddError("Øàã öèêëà íå ìîæåò áûòü íóëåâûì", @1);
			else					$$ = new int32_const(step32.val, @$);
		}
		else {					// â çíà÷åíèè øàãà ëèáî ïðèñóòñòâóåò çíàê, ëèáî ýòî âîîáùå íå öåëîå
			un_expr stepMinus = $2 as un_expr;
			int32_const stepMinusTerm = stepMinus.subnode as int32_const;
			bool signMinus = (stepMinusTerm != null) &&	(stepMinus.operation_type == Operators.Minus);
			if (signMinus)
				if (stepMinusTerm.val == 0)
					PT.AddError("Øàã öèêëà íå ìîæåò áûòü íóëåâûì", @1);
				else	
					$$ = new un_expr(stepMinusTerm, Operators.Minus, @2);
			else
				PT.AddError("Øàã öèêëà äîëæåí áûòü öåëûì ÷èñëîì", @1);
		}
	}
	| {
		$$ = null;
	}
	;
	
CaseStatement				// Îïåðàòîð âûáîðà 
	: CASE expr OF CaseVariantList ElseBranch END {
		$$ = new case_node($2, $4, $5, @$);
	}
	;
	
CaseVariantList				// Ñïèñîê âàðèàíòîâ îïåðàòîðà CASE 
	: CaseVariant {
		$$ = new case_variants();
		$$.Add($1);
		$$.source_context = @$;
	}
	| CaseVariantList PIPE CaseVariant {
		$$ = $1;
		$$.Add($3);
		$$.source_context = @$;
	}
	| {
		$$ = new case_variants();
	}
	;
	
CaseVariant					// Âàðèàíò îïåðàòîðà CASE 
	: CaseVariantLabelList COLON StatementSequence {
		$$ = new case_variant($1, $3, @$);
	}
	;
	
CaseVariantLabelList		// Ñïèñîê ìåòîê âàðèàíòà
	: CaseVariantLabels {
		$$ = new expression_list($1, @$);
	}
	| CaseVariantLabelList COLUMN CaseVariantLabels {
		$$ = $1;
		$$.Add($3, @3);
		$$.source_context = @$;
	}
	;
	
CaseVariantLabels			// Ìåòêè âàðèàíòà 
	: ConstExpr {
		$$ = $1;
	}
	| ConstExpr DOUBLEPOINT ConstExpr {
		$$ = new diapason_expr($1, $3, @$);
	}
	;
	
ElseBranch					// Âåòêà ELSE îïåðàòîðà CASE 
	: ELSE StatementSequence {
		$$ = $2;
		$$.source_context = @$;
	}
	| {
		$$ = null;
	}
	;

WriteStatement 
	: EXCLAMATION expr {
		expression_list el = new expression_list($2);
		method_call mc = new method_call(el);
		mc.dereferencing_value = new ident("print");
		$$ = mc;
	}
	;
	
factparams
	: expr {
		$$ = new expression_list($1,@$);
	}
	| factparams COLUMN expr {
		$1.Add($3,@$);
		$$ = $1;
	}
	;
	
ProcCallStatement
	: ident LPAREN factparams RPAREN {
		$$ = new method_call($1,$3,@$);
	}
	;
	
EmptyStatement				// Ïóñòîé îïåðàòîð
	: {
		$$ = new empty_statement();		
	}
	;

IDList 						// Ñïèñîê èäåíòèôèêàòîðîâ
	: identDef {
		$$=new ident_list($1,@$);
		
	}
	| IDList COLUMN identDef {
		$1.Add($3,@$);
		$$ = $1;
	}
	;

VarDecl 					// Îïèñàíèå ïåðåìåííûõ îäíîãî òèïà
	: IDList COLON TypeDef SEMICOLUMN {
		$$  = new var_def_statement($1, $3, null, definition_attribute.None, false, @$);
	}
	;

VarDeclarations 			// Ñïèñîê îïèñàíèé ïåðåìåííûõ
	: VarDecl {
		$$ = new variable_definitions($1,@$);
	}
	| VarDeclarations VarDecl {
		$1.Add($2,@$);
		$$ = $1;
	}
	;

	
ConstDecl 					// Îïèñàíèå îäíîé êîíñòàíòû
	: identDef EQ ConstExpr SEMICOLUMN {
		$$ = new simple_const_definition($1,$3,@$);
	}
	;

ConstExpr 					// Êîíñòàíòíîå âûðàæåíèå
	: expr 
	;
	
ConstDeclarations 			// Ñïèñîê îïèñàíèé êîíñòàíò
	: ConstDecl {
		$$ = new consts_definitions_list($1,@$);
	}
	| ConstDeclarations ConstDecl {
		$1.Add($2,@$); 
		$$ = $1;
	}
	;
	
ConstDeclarationsSect 		// Áëîê îïèñàíèÿ êîíñòàíò
	: CONST ConstDeclarations {
		$$ = $2;
		$$.source_context = @$;
	}
	;

VarDeclarationsSect 		// Áëîê îïèñàíèÿ ïåðåìåííûõ
	: VAR VarDeclarations {
		$$ = $2;
		$$.source_context = @$;
	}
	;
	
TypeDeclarationsSect		// Áëîê îïðåäåëåíèÿ òèïîâ òèïîâ
	: TYPE TypeDeclarations {
		$$ = $2;
		$$.source_context = @$;
	}
	;
	
TypeDeclarations			// Ñïèñîê îïðåäåëåíèé òèïîâ
	: TypeDecl {
		$$ = new  type_declarations();
		$$.Add($1);
		$$.source_context = @$;
	}
	| TypeDeclarations TypeDecl {
		$$ = $1;
		$$.Add($2);
		$$.source_context = @$;
	}
	;
	
TypeDecl 					// Îïðåäåëåíèå òèïà
	: identDef EQ TypeDef SEMICOLUMN {
		$$ = new type_declaration($1, $3, @$);
	}
	;
	
TypeDef						// Òèï TODO
	: complexTypeIdent {
		$$ = $1;
	}
	| ArrayType {
		$$ = $1;
		$$.source_context = @$;
	}
	| RecordType {
		$$ = $1;
		$$.source_context = @$;
	}
	| PointerType {
		$$ = $1;
		$$.source_context = @$;
	}
	;
	
ArrayType					// Òèï ìàññèâ TODO
	: ARRAY OF TypeDef {
		// îòêðûòûé ìàññèâ
		diapason dp = new diapason(new int32_const(0), new int32_const(0));
		indexers_types inxr = new indexers_types();
		inxr.Add(dp);
		$$ = new array_type(inxr, $3, @$);
	}
	| ARRAY LengthList OF TypeDef {
		// Áóäåì èñêàòü array n of char, ÷òîáû çàìåíèòü íà ñòðîêó
		named_type_reference ntr = $4 as named_type_reference;
		bool complexArr = 	(ntr != null) && (ntr.names.Count == 1) && 
							(ntr.names[0].name == "char");
		if (complexArr) 
			$$ = GetArrWithStrInsteadCharArr($2, @2, @$);
		else
			$$ = new array_type($2, $4, @$); 
	}
	;
	
RecordType					// Çàïèñü TODO
	: RECORD END COLUMN {
	
	}
	;
	
LengthList					// Ñïèñîê ðàçìåðîâ ìàññèâà
	: Length {
		$$ = new indexers_types();
		$$.source_context = @$;
		$$.Add($1);
	}
	| LengthList COLUMN Length {
		$$ = $1;
		$$.source_context = @$;
		$$.Add($3);
	}
	;
	
Length 						// Äëèíà ìàññèâà
	: ConstExpr {
		// Â îáåðîíå â ìàññèâå óêàçûâàåòñÿ öåëî÷èñëåííàÿ äëèíà
		// Ïîýòîìó íàäî ïðîâåðèòü, ÷òî âûðàæåíèå îòíîñèòñÿ ê öåëîìó òèïó
		object[] types = {$1};
		bool isLength = typeof(int32_const) == System.Type.GetTypeArray(types)[0];
		if (isLength)	
			$$ = GetDiapasonByArrLength($1, @$);
		else
			PT.AddError("Äëèíà äîëæíà áûòü öåëûì ÷èñëîì", @1);
	}
	;

PointerType					// Òèï óêàçàòåëü
	: POINTER TO TypeDef {
		$$ = new ref_type($3, @$);
	}
	;
	
complexTypeIdent			// Ñîñòàâíîé èäåíòèôèêàòîð òèïà (id1.id2.id3)
	: ident {
		$$ = new named_type_reference(PT.InternalTypeName($1.name), @$);
	}
	| complexTypeIdent COMMA ident {
		$$ = $1;
		$$.Add(PT.InternalTypeName($3.name));
		$$.source_context = @$;
	}
	;
	
DeclarationsSect			// Áëîê îïèñàíèé	TODO
	: VarDeclarationsSect {
		$$ = $1;
	}
	| ConstDeclarationsSect	{
		$$ = $1;
	}	
	| TypeDeclarationsSect {
		$$ = $1;
	}
	| ProcedureDeclarationSect {
		$$ = $1;
	}	
	;
	
Declarations 				// Ñïèñîê áëîêîâ îïèñàíèé
	: {
	  $$ = new declarations();
	}
	| Declarations DeclarationsSect {
		if ($2 != null)
			$1.Add($2);
		$$ = $1;
		$$.source_context = @$;			// Íåîáõîäèìî ïîêàçàòü ìåñòî â ïðîãðàììå, ò.ê. íåÿâíî ýòî íå ñäåëàíî
										// (íàïðèìåð, â êîíñòðóêòîðå)
	}
	;
	
ProcedureDeclarationSect
	: PROCEDURE ident maybeformalparams maybereturn SEMICOLUMN mainblock ident SEMICOLUMN {
	
	}
	;
	
maybeformalparams
	: {
		//$$ = null;
	}
	| LPAREN FPList RPAREN {
		//$$ = $2;
	}
	;
	
maybereturn					// TODO
	: {
		
	}
	| COLUMN TypeDef {
	
	}
	;
	
FPList
	: FPSect {
	
	}
	| FPList SEMICOLUMN FPSect {
	
	}
	;
	
FPSect
	: maybevar IDList COLON TypeDef {
	
	}
	;
	
maybevar
	: {
		$$ = false;
	}
	| VAR {
		$$ = true;
	}
	;
%%

/* 	Âîçâðàùàåò ïîñëåäîâàòåëüíîñòü îïåðàòîðîâ, ñîîòâåòñâóþùóþ
	öèêëó for, ìîäåëèðóåìîìó ÷åðåç while */
public static statement_list GetForThroughWhile(ident id, expression expr, expression endExpr, statement_list stmnts,
		expression step, SourceContext assignSC, SourceContext wholeSC){
	// Áóäåì ìîäåëèðîâàòü öèêë ÷åðåç while
	statement_list forStmnt = new statement_list();
	ident endFor = new ident("_oberon_for_end_");
	forStmnt.Add(new var_statement(new var_def_statement(
		new ident_list("_oberon_for_end_"),
		new named_type_reference("integer", null),
		endExpr,
		definition_attribute.None,
		false))
	);
	forStmnt.Add( new assign(id, expr, Operators.Assignment, assignSC) );
	statement_list posStatementList = new statement_list();		// ïðè ïîëîæèòåëüíîì øàãå
		posStatementList.Add(stmnts);
		posStatementList.Add( new assign(id, step, Operators.AssignmentAddition) );
	while_node posWhile = new while_node(
		new bin_expr(id, endFor, Operators.LessEqual),
		posStatementList,
		WhileCycleType.While);
	statement_list negStatementList = new statement_list();		// ïðè îòðèöàòåëüíîì øàãå
		negStatementList.Add(stmnts);
		negStatementList.Add( new assign(id, step, Operators.AssignmentAddition) );
	while_node negWhile = new while_node(
		new bin_expr(id, endFor, Operators.GreaterEqual),
		negStatementList,
		WhileCycleType.While);
	forStmnt.Add( new if_node(
		new bin_expr(step, new int32_const(0), Operators.Greater),
		posWhile,
		negWhile, 
		wholeSC));
	return forStmnt;
}

/* 	Âîçâðàùàåò ìíîãîìåðíûé ìàññèâ, â êîòîðîì ïðè íåîáõîäèìîñòè
	ìàññèâ ñèìâîëîâ çàìåíåí íà ñòðîêó */	
public static type_definition GetArrWithStrInsteadCharArr(indexers_types lenList,
		SourceContext lenListSC, SourceContext wholeSC){
	List<type_definition> indxrs = lenList.indexers;
	diapason dp = indxrs[indxrs.Count - 1] as diapason;
	int32_const len = new int32_const();
	len.val = (dp.right as int32_const).val + 1;
	type_definition result = new string_num_definition(len, new ident("string", lenListSC), wholeSC);
	if (indxrs.Count > 1) {			// íàäî äåëàòü ìàññèâ ìàññèâîâ ... ñòðîê
		indxrs.RemoveAt(indxrs.Count - 1);
		result = new array_type(lenList, result, wholeSC); 
	}
	return result;
}

/* 	Âîçâðàùàåò äèàïàçîí 0..Length-1, ïîëó÷åííûé ïî îáåðîíîâñêîé äëèíå
	ìàññèâà, è íåîáõîäèìûé äëÿ ïàñêàëåâñêîãî ñèíòàêñè÷åñêîãî óçëà */	
public static diapason GetDiapasonByArrLength(expression lenExpr, SourceContext lenSC){
	int32_const zero = new int32_const();
	zero.val = 0;
	int32_const max = (int32_const)lenExpr;
	max.val = max.val - 1;
	return new diapason(zero, max, lenSC);
}
// ==========================================================================

